<testsuites name="jest tests" tests="4" failures="0" time="5.468">
  <testsuite name="undefined" errors="0" failures="0" skipped="0" timestamp="2020-08-05T18:54:27" time="5.468" tests="4">
    <testcase classname=" initial UI is rendered as expected" name=" initial UI is rendered as expected" time="0.089">
    </testcase>
    <testcase classname=" search is made on by clicking on search button and no results found" name=" search is made on by clicking on search button and no results found" time="0.075">
    </testcase>
    <testcase classname=" search is made on by clicking on search button and result found - test 1" name=" search is made on by clicking on search button and result found - test 1" time="0.019">
    </testcase>
    <testcase classname=" search is made on by clicking on search button and result found - test 2" name=" search is made on by clicking on search button and result found - test 2" time="0.08">
    </testcase>
  </testsuite>
</testsuites>